C:\Users\claud\OneDrive\햞ea de Trabalho\MiracleSolution-Java\MiracleSolution-JFrame\src\main\java\controller\App.java
C:\Users\claud\OneDrive\햞ea de Trabalho\MiracleSolution-Java\MiracleSolution-JFrame\src\main\java\model\Computador.java
C:\Users\claud\OneDrive\햞ea de Trabalho\MiracleSolution-Java\MiracleSolution-JFrame\src\main\java\view\Pesquisa.java
C:\Users\claud\OneDrive\햞ea de Trabalho\MiracleSolution-Java\MiracleSolution-JFrame\src\main\java\view\Login.java
C:\Users\claud\OneDrive\햞ea de Trabalho\MiracleSolution-Java\MiracleSolution-JFrame\src\main\java\model\Componente.java
C:\Users\claud\OneDrive\햞ea de Trabalho\MiracleSolution-Java\MiracleSolution-JFrame\src\main\java\model\Database.java
C:\Users\claud\OneDrive\햞ea de Trabalho\MiracleSolution-Java\MiracleSolution-JFrame\src\main\java\view\Home.java
C:\Users\claud\OneDrive\햞ea de Trabalho\MiracleSolution-Java\MiracleSolution-JFrame\src\main\java\model\Monitoramento.java
C:\Users\claud\OneDrive\햞ea de Trabalho\MiracleSolution-Java\MiracleSolution-JFrame\src\main\java\model\Usuario.java
